MPLINK 4.30.01, Linker
Linker Map File - Created Thu Nov 12 09:18:45 2015

                                 Section Info
                  Section       Type    Address   Location Size(Bytes)
                ---------  ---------  ---------  ---------  ---------
               _entry_scn       code   0x000000    program   0x000006
           .code___init.o       code   0x000006    program   0x000002
                       it       code   0x000008    program   0x000006
                   .cinit    romdata   0x00000e    program   0x00000e
     .code_enregistreur.o       code   0x00001c    program   0x0001e2
               _cinit_scn       code   0x0001fe    program   0x00009e
             D10KTCYXCODE       code   0x00029c    program   0x00002e
             _startup_scn       code   0x0002ca    program   0x00001c
                    .code       code   0x0002e6    program   0x00000e
  .idata_enregistreur.o_i    romdata   0x0002f4    program   0x00001a
  .romdata_enregistreur.o    romdata   0x0002f4    program   0x000000
        .romdata___init.o    romdata   0x0002f4    program   0x000000
         .romdata_c018i.o    romdata   0x0002f4    program   0x000000
            .code_c018i.o       code   0x00030e    program   0x000000
        .idata___init.o_i    romdata   0x00030e    program   0x000000
         .idata_c018i.o_i    romdata   0x00030e    program   0x000000
.config_300001_enregistreur.o    romdata   0x300001    program   0x000001
.config_300003_enregistreur.o    romdata   0x300003    program   0x000001
                MATH_DATA      udata   0x000000       data   0x000002
                DELAYDAT2      udata   0x000002       data   0x000001
                DELAYDAT1      udata   0x000003       data   0x000001
                 .tmpdata      udata   0x000004       data   0x000000
    .idata_enregistreur.o      idata   0x000080       data   0x00001a
           .udata_c018i.o      udata   0x00009a       data   0x00000a
    .udata_enregistreur.o      udata   0x0000a4       data   0x000002
           .idata_c018i.o      idata   0x0000a6       data   0x000000
          .udata___init.o      udata   0x0000a6       data   0x000000
          .idata___init.o      idata   0x0000a6       data   0x000000
                   .stack      udata   0x000400       data   0x000100
            SFR_UNBANKED0      udata   0x000f80       data   0x000080



                              Program Memory Usage 
                               Start         End      
                           ---------   ---------      
                            0x000000    0x00030d      
                            0x300001    0x300001      
                            0x300003    0x300003      
            784 out of 33048 program addresses used, program memory utilization is 2%



                              Symbols - Sorted by Name
                     Name    Address   Location    Storage File                     
                ---------  ---------  ---------  --------- ---------                
                   D10K_1   0x0002a8    program     static C:\MCC18\src\traditional\delays\d10ktcyx.asm
                    D10Kl   0x0002b4    program     static C:\MCC18\src\traditional\delays\d10ktcyx.asm
                    D10Kx   0x0002a6    program     static C:\MCC18\src\traditional\delays\d10ktcyx.asm
             Delay10KTCYx   0x00029c    program     extern C:\MCC18\src\traditional\delays\d10ktcyx.asm
       _D10KTCYXCODE_0010   0x0002ac    program     static C:\MCC18\src\traditional\delays\d10ktcyx.asm
       _D10KTCYXCODE_001C   0x0002b8    program     static C:\MCC18\src\traditional\delays\d10ktcyx.asm
       ___return_lbl00000   0x000004    program     static                          
       ___return_lbl00000   0x00000c    program     static                          
       ___return_lbl00001   0x0002e4    program     static                          
       ___return_lbl00002   0x00029a    program     static                          
               __config_0   0x300001    program     static E:\MIN2\tp5\enregistreur.c
               __config_1   0x300003    program     static E:\MIN2\tp5\enregistreur.c
                   __init   0x000006    program     extern C:\MCC18\src\traditional\stdclib\__init.c
            __zero_memory   0x0002e6    program     extern C:\MCC18\src\traditional\proc\p18F452.asm
                _do_cinit   0x0001fe    program     extern C:\MCC18\src\traditional\startup\c018i.c
                   _entry   0x000000    program     extern C:\MCC18\src\traditional\startup\c018i.c
                 _startup   0x0002ca    program     extern C:\MCC18\src\traditional\startup\c018i.c
               clear_loop   0x0002ec    program     static C:\MCC18\src\traditional\proc\p18F452.asm
                copy_loop   0x000270    program     static                          
            copy_one_byte   0x000276    program     static                          
                 digicode   0x00005e    program     extern E:\MIN2\tp5\enregistreur.c
                     done   0x00029a    program     static                          
             done_copying   0x000284    program     static                          
                     init   0x00003e    program     extern E:\MIN2\tp5\enregistreur.c
                jouernote   0x00001c    program     extern E:\MIN2\tp5\enregistreur.c
                     loop   0x0002da    program     static                          
                     main   0x00015a    program     extern E:\MIN2\tp5\enregistreur.c
            saut_sur_spit   0x000008    program     extern E:\MIN2\tp5\enregistreur.c
                     test   0x000218    program     static                          
               traiter_it   0x000148    program     extern E:\MIN2\tp5\enregistreur.c
                   ADCON0   0x000fc2       data     extern C:\MCC18\src\traditional\proc\p18F452.asm
               ADCON0bits   0x000fc2       data     extern C:\MCC18\src\traditional\proc\p18F452.asm
                   ADCON1   0x000fc1       data     extern C:\MCC18\src\traditional\proc\p18F452.asm
               ADCON1bits   0x000fc1       data     extern C:\MCC18\src\traditional\proc\p18F452.asm
                    ADRES   0x000fc3       data     extern C:\MCC18\src\traditional\proc\p18F452.asm
                   ADRESH   0x000fc4       data     extern C:\MCC18\src\traditional\proc\p18F452.asm
                   ADRESL   0x000fc3       data     extern C:\MCC18\src\traditional\proc\p18F452.asm
                      BSR   0x000fe0       data     extern C:\MCC18\src\traditional\proc\p18F452.asm
                  CCP1CON   0x000fbd       data     extern C:\MCC18\src\traditional\proc\p18F452.asm
              CCP1CONbits   0x000fbd       data     extern C:\MCC18\src\traditional\proc\p18F452.asm
                  CCP2CON   0x000fba       data     extern C:\MCC18\src\traditional\proc\p18F452.asm
              CCP2CONbits   0x000fba       data     extern C:\MCC18\src\traditional\proc\p18F452.asm
                    CCPR1   0x000fbe       data     extern C:\MCC18\src\traditional\proc\p18F452.asm
                   CCPR1H   0x000fbf       data     extern C:\MCC18\src\traditional\proc\p18F452.asm
                   CCPR1L   0x000fbe       data     extern C:\MCC18\src\traditional\proc\p18F452.asm
                    CCPR2   0x000fbb       data     extern C:\MCC18\src\traditional\proc\p18F452.asm
                   CCPR2H   0x000fbc       data     extern C:\MCC18\src\traditional\proc\p18F452.asm
                   CCPR2L   0x000fbb       data     extern C:\MCC18\src\traditional\proc\p18F452.asm
                     DDRA   0x000f92       data     extern C:\MCC18\src\traditional\proc\p18F452.asm
                 DDRAbits   0x000f92       data     extern C:\MCC18\src\traditional\proc\p18F452.asm
                     DDRB   0x000f93       data     extern C:\MCC18\src\traditional\proc\p18F452.asm
                 DDRBbits   0x000f93       data     extern C:\MCC18\src\traditional\proc\p18F452.asm
                     DDRC   0x000f94       data     extern C:\MCC18\src\traditional\proc\p18F452.asm
                 DDRCbits   0x000f94       data     extern C:\MCC18\src\traditional\proc\p18F452.asm
                     DDRD   0x000f95       data     extern C:\MCC18\src\traditional\proc\p18F452.asm
                 DDRDbits   0x000f95       data     extern C:\MCC18\src\traditional\proc\p18F452.asm
                     DDRE   0x000f96       data     extern C:\MCC18\src\traditional\proc\p18F452.asm
                 DDREbits   0x000f96       data     extern C:\MCC18\src\traditional\proc\p18F452.asm
                       DO   0x000080       data     extern E:\MIN2\tp5\enregistreur.c
                      DOA   0x00008c       data     extern E:\MIN2\tp5\enregistreur.c
                      DOD   0x000081       data     extern E:\MIN2\tp5\enregistreur.c
            DelayCounter1   0x000003       data     extern C:\MCC18\src\traditional\delays\delayd1.asm
            DelayCounter2   0x000002       data     extern C:\MCC18\src\traditional\delays\delayd2.asm
                    EEADR   0x000fa9       data     extern C:\MCC18\src\traditional\proc\p18F452.asm
                   EECON1   0x000fa6       data     extern C:\MCC18\src\traditional\proc\p18F452.asm
               EECON1bits   0x000fa6       data     extern C:\MCC18\src\traditional\proc\p18F452.asm
                   EECON2   0x000fa7       data     extern C:\MCC18\src\traditional\proc\p18F452.asm
                   EEDATA   0x000fa8       data     extern C:\MCC18\src\traditional\proc\p18F452.asm
                       FA   0x000085       data     extern E:\MIN2\tp5\enregistreur.c
                      FAD   0x000086       data     extern E:\MIN2\tp5\enregistreur.c
                     FSR0   0x000fe9       data     extern C:\MCC18\src\traditional\proc\p18F452.asm
                    FSR0H   0x000fea       data     extern C:\MCC18\src\traditional\proc\p18F452.asm
                    FSR0L   0x000fe9       data     extern C:\MCC18\src\traditional\proc\p18F452.asm
                     FSR1   0x000fe1       data     extern C:\MCC18\src\traditional\proc\p18F452.asm
                    FSR1H   0x000fe2       data     extern C:\MCC18\src\traditional\proc\p18F452.asm
                    FSR1L   0x000fe1       data     extern C:\MCC18\src\traditional\proc\p18F452.asm
                     FSR2   0x000fd9       data     extern C:\MCC18\src\traditional\proc\p18F452.asm
                    FSR2H   0x000fda       data     extern C:\MCC18\src\traditional\proc\p18F452.asm
                    FSR2L   0x000fd9       data     extern C:\MCC18\src\traditional\proc\p18F452.asm
                    INDF0   0x000fef       data     extern C:\MCC18\src\traditional\proc\p18F452.asm
                    INDF1   0x000fe7       data     extern C:\MCC18\src\traditional\proc\p18F452.asm
                    INDF2   0x000fdf       data     extern C:\MCC18\src\traditional\proc\p18F452.asm
                   INTCON   0x000ff2       data     extern C:\MCC18\src\traditional\proc\p18F452.asm
                  INTCON2   0x000ff1       data     extern C:\MCC18\src\traditional\proc\p18F452.asm
              INTCON2bits   0x000ff1       data     extern C:\MCC18\src\traditional\proc\p18F452.asm
                  INTCON3   0x000ff0       data     extern C:\MCC18\src\traditional\proc\p18F452.asm
              INTCON3bits   0x000ff0       data     extern C:\MCC18\src\traditional\proc\p18F452.asm
               INTCONbits   0x000ff2       data     extern C:\MCC18\src\traditional\proc\p18F452.asm
                     IPR1   0x000f9f       data     extern C:\MCC18\src\traditional\proc\p18F452.asm
                 IPR1bits   0x000f9f       data     extern C:\MCC18\src\traditional\proc\p18F452.asm
                     IPR2   0x000fa2       data     extern C:\MCC18\src\traditional\proc\p18F452.asm
                 IPR2bits   0x000fa2       data     extern C:\MCC18\src\traditional\proc\p18F452.asm
                       LA   0x000089       data     extern E:\MIN2\tp5\enregistreur.c
                     LATA   0x000f89       data     extern C:\MCC18\src\traditional\proc\p18F452.asm
                 LATAbits   0x000f89       data     extern C:\MCC18\src\traditional\proc\p18F452.asm
                     LATB   0x000f8a       data     extern C:\MCC18\src\traditional\proc\p18F452.asm
                 LATBbits   0x000f8a       data     extern C:\MCC18\src\traditional\proc\p18F452.asm
                     LATC   0x000f8b       data     extern C:\MCC18\src\traditional\proc\p18F452.asm
                 LATCbits   0x000f8b       data     extern C:\MCC18\src\traditional\proc\p18F452.asm
                     LATD   0x000f8c       data     extern C:\MCC18\src\traditional\proc\p18F452.asm
                 LATDbits   0x000f8c       data     extern C:\MCC18\src\traditional\proc\p18F452.asm
                     LATE   0x000f8d       data     extern C:\MCC18\src\traditional\proc\p18F452.asm
                 LATEbits   0x000f8d       data     extern C:\MCC18\src\traditional\proc\p18F452.asm
                   LVDCON   0x000fd2       data     extern C:\MCC18\src\traditional\proc\p18F452.asm
               LVDCONbits   0x000fd2       data     extern C:\MCC18\src\traditional\proc\p18F452.asm
                       MI   0x000084       data     extern E:\MIN2\tp5\enregistreur.c
                   OSCCON   0x000fd3       data     extern C:\MCC18\src\traditional\proc\p18F452.asm
               OSCCONbits   0x000fd3       data     extern C:\MCC18\src\traditional\proc\p18F452.asm
                       PC   0x000ff9       data     extern C:\MCC18\src\traditional\proc\p18F452.asm
                      PCL   0x000ff9       data     extern C:\MCC18\src\traditional\proc\p18F452.asm
                   PCLATH   0x000ffa       data     extern C:\MCC18\src\traditional\proc\p18F452.asm
                   PCLATU   0x000ffb       data     extern C:\MCC18\src\traditional\proc\p18F452.asm
                     PIE1   0x000f9d       data     extern C:\MCC18\src\traditional\proc\p18F452.asm
                 PIE1bits   0x000f9d       data     extern C:\MCC18\src\traditional\proc\p18F452.asm
                     PIE2   0x000fa0       data     extern C:\MCC18\src\traditional\proc\p18F452.asm
                 PIE2bits   0x000fa0       data     extern C:\MCC18\src\traditional\proc\p18F452.asm
                     PIR1   0x000f9e       data     extern C:\MCC18\src\traditional\proc\p18F452.asm
                 PIR1bits   0x000f9e       data     extern C:\MCC18\src\traditional\proc\p18F452.asm
                     PIR2   0x000fa1       data     extern C:\MCC18\src\traditional\proc\p18F452.asm
                 PIR2bits   0x000fa1       data     extern C:\MCC18\src\traditional\proc\p18F452.asm
                   PLUSW0   0x000feb       data     extern C:\MCC18\src\traditional\proc\p18F452.asm
                   PLUSW1   0x000fe3       data     extern C:\MCC18\src\traditional\proc\p18F452.asm
                   PLUSW2   0x000fdb       data     extern C:\MCC18\src\traditional\proc\p18F452.asm
                    PORTA   0x000f80       data     extern C:\MCC18\src\traditional\proc\p18F452.asm
                PORTAbits   0x000f80       data     extern C:\MCC18\src\traditional\proc\p18F452.asm
                    PORTB   0x000f81       data     extern C:\MCC18\src\traditional\proc\p18F452.asm
                PORTBbits   0x000f81       data     extern C:\MCC18\src\traditional\proc\p18F452.asm
                    PORTC   0x000f82       data     extern C:\MCC18\src\traditional\proc\p18F452.asm
                PORTCbits   0x000f82       data     extern C:\MCC18\src\traditional\proc\p18F452.asm
                    PORTD   0x000f83       data     extern C:\MCC18\src\traditional\proc\p18F452.asm
                PORTDbits   0x000f83       data     extern C:\MCC18\src\traditional\proc\p18F452.asm
                    PORTE   0x000f84       data     extern C:\MCC18\src\traditional\proc\p18F452.asm
                PORTEbits   0x000f84       data     extern C:\MCC18\src\traditional\proc\p18F452.asm
                 POSTDEC0   0x000fed       data     extern C:\MCC18\src\traditional\proc\p18F452.asm
                 POSTDEC1   0x000fe5       data     extern C:\MCC18\src\traditional\proc\p18F452.asm
                 POSTDEC2   0x000fdd       data     extern C:\MCC18\src\traditional\proc\p18F452.asm
                 POSTINC0   0x000fee       data     extern C:\MCC18\src\traditional\proc\p18F452.asm
                 POSTINC1   0x000fe6       data     extern C:\MCC18\src\traditional\proc\p18F452.asm
                 POSTINC2   0x000fde       data     extern C:\MCC18\src\traditional\proc\p18F452.asm
                      PR2   0x000fcb       data     extern C:\MCC18\src\traditional\proc\p18F452.asm
                  PREINC0   0x000fec       data     extern C:\MCC18\src\traditional\proc\p18F452.asm
                  PREINC1   0x000fe4       data     extern C:\MCC18\src\traditional\proc\p18F452.asm
                  PREINC2   0x000fdc       data     extern C:\MCC18\src\traditional\proc\p18F452.asm
                     PROD   0x000ff3       data     extern C:\MCC18\src\traditional\proc\p18F452.asm
                    PRODH   0x000ff4       data     extern C:\MCC18\src\traditional\proc\p18F452.asm
                    PRODL   0x000ff3       data     extern C:\MCC18\src\traditional\proc\p18F452.asm
                     RCON   0x000fd0       data     extern C:\MCC18\src\traditional\proc\p18F452.asm
                 RCONbits   0x000fd0       data     extern C:\MCC18\src\traditional\proc\p18F452.asm
                    RCREG   0x000fae       data     extern C:\MCC18\src\traditional\proc\p18F452.asm
                    RCSTA   0x000fab       data     extern C:\MCC18\src\traditional\proc\p18F452.asm
                RCSTAbits   0x000fab       data     extern C:\MCC18\src\traditional\proc\p18F452.asm
                       RE   0x000082       data     extern E:\MIN2\tp5\enregistreur.c
                      RED   0x000083       data     extern E:\MIN2\tp5\enregistreur.c
                       SI   0x00008b       data     extern E:\MIN2\tp5\enregistreur.c
                      SIB   0x00008a       data     extern E:\MIN2\tp5\enregistreur.c
                     SIGN   0x000000       data     extern C:\MCC18\src\traditional\math\cmath18.asm
                      SOL   0x000087       data     extern E:\MIN2\tp5\enregistreur.c
                     SOLD   0x000088       data     extern E:\MIN2\tp5\enregistreur.c
                    SPBRG   0x000faf       data     extern C:\MCC18\src\traditional\proc\p18F452.asm
                   SSPADD   0x000fc8       data     extern C:\MCC18\src\traditional\proc\p18F452.asm
                   SSPBUF   0x000fc9       data     extern C:\MCC18\src\traditional\proc\p18F452.asm
                  SSPCON1   0x000fc6       data     extern C:\MCC18\src\traditional\proc\p18F452.asm
              SSPCON1bits   0x000fc6       data     extern C:\MCC18\src\traditional\proc\p18F452.asm
                  SSPCON2   0x000fc5       data     extern C:\MCC18\src\traditional\proc\p18F452.asm
              SSPCON2bits   0x000fc5       data     extern C:\MCC18\src\traditional\proc\p18F452.asm
                  SSPSTAT   0x000fc7       data     extern C:\MCC18\src\traditional\proc\p18F452.asm
              SSPSTATbits   0x000fc7       data     extern C:\MCC18\src\traditional\proc\p18F452.asm
                   STATUS   0x000fd8       data     extern C:\MCC18\src\traditional\proc\p18F452.asm
               STATUSbits   0x000fd8       data     extern C:\MCC18\src\traditional\proc\p18F452.asm
                   STKPTR   0x000ffc       data     extern C:\MCC18\src\traditional\proc\p18F452.asm
               STKPTRbits   0x000ffc       data     extern C:\MCC18\src\traditional\proc\p18F452.asm
                    T0CON   0x000fd5       data     extern C:\MCC18\src\traditional\proc\p18F452.asm
                T0CONbits   0x000fd5       data     extern C:\MCC18\src\traditional\proc\p18F452.asm
                    T1CON   0x000fcd       data     extern C:\MCC18\src\traditional\proc\p18F452.asm
                T1CONbits   0x000fcd       data     extern C:\MCC18\src\traditional\proc\p18F452.asm
                    T2CON   0x000fca       data     extern C:\MCC18\src\traditional\proc\p18F452.asm
                T2CONbits   0x000fca       data     extern C:\MCC18\src\traditional\proc\p18F452.asm
                    T3CON   0x000fb1       data     extern C:\MCC18\src\traditional\proc\p18F452.asm
                T3CONbits   0x000fb1       data     extern C:\MCC18\src\traditional\proc\p18F452.asm
                   TABLAT   0x000ff5       data     extern C:\MCC18\src\traditional\proc\p18F452.asm
                   TBLPTR   0x000ff6       data     extern C:\MCC18\src\traditional\proc\p18F452.asm
                  TBLPTRH   0x000ff7       data     extern C:\MCC18\src\traditional\proc\p18F452.asm
                  TBLPTRL   0x000ff6       data     extern C:\MCC18\src\traditional\proc\p18F452.asm
                  TBLPTRU   0x000ff8       data     extern C:\MCC18\src\traditional\proc\p18F452.asm
                    TMR0H   0x000fd7       data     extern C:\MCC18\src\traditional\proc\p18F452.asm
                    TMR0L   0x000fd6       data     extern C:\MCC18\src\traditional\proc\p18F452.asm
                    TMR1H   0x000fcf       data     extern C:\MCC18\src\traditional\proc\p18F452.asm
                    TMR1L   0x000fce       data     extern C:\MCC18\src\traditional\proc\p18F452.asm
                     TMR2   0x000fcc       data     extern C:\MCC18\src\traditional\proc\p18F452.asm
                    TMR3H   0x000fb3       data     extern C:\MCC18\src\traditional\proc\p18F452.asm
                    TMR3L   0x000fb2       data     extern C:\MCC18\src\traditional\proc\p18F452.asm
                      TOS   0x000ffd       data     extern C:\MCC18\src\traditional\proc\p18F452.asm
                     TOSH   0x000ffe       data     extern C:\MCC18\src\traditional\proc\p18F452.asm
                     TOSL   0x000ffd       data     extern C:\MCC18\src\traditional\proc\p18F452.asm
                     TOSU   0x000fff       data     extern C:\MCC18\src\traditional\proc\p18F452.asm
                    TRISA   0x000f92       data     extern C:\MCC18\src\traditional\proc\p18F452.asm
                TRISAbits   0x000f92       data     extern C:\MCC18\src\traditional\proc\p18F452.asm
                    TRISB   0x000f93       data     extern C:\MCC18\src\traditional\proc\p18F452.asm
                TRISBbits   0x000f93       data     extern C:\MCC18\src\traditional\proc\p18F452.asm
                    TRISC   0x000f94       data     extern C:\MCC18\src\traditional\proc\p18F452.asm
                TRISCbits   0x000f94       data     extern C:\MCC18\src\traditional\proc\p18F452.asm
                    TRISD   0x000f95       data     extern C:\MCC18\src\traditional\proc\p18F452.asm
                TRISDbits   0x000f95       data     extern C:\MCC18\src\traditional\proc\p18F452.asm
                    TRISE   0x000f96       data     extern C:\MCC18\src\traditional\proc\p18F452.asm
                TRISEbits   0x000f96       data     extern C:\MCC18\src\traditional\proc\p18F452.asm
                    TXREG   0x000fad       data     extern C:\MCC18\src\traditional\proc\p18F452.asm
                    TXSTA   0x000fac       data     extern C:\MCC18\src\traditional\proc\p18F452.asm
                TXSTAbits   0x000fac       data     extern C:\MCC18\src\traditional\proc\p18F452.asm
                        W   0x000fe8       data     extern C:\MCC18\src\traditional\proc\p18F452.asm
                   WDTCON   0x000fd1       data     extern C:\MCC18\src\traditional\proc\p18F452.asm
               WDTCONbits   0x000fd1       data     extern C:\MCC18\src\traditional\proc\p18F452.asm
                     WREG   0x000fe8       data     extern C:\MCC18\src\traditional\proc\p18F452.asm
                __FPFLAGS   0x000001       data     extern C:\MCC18\src\traditional\math\cmath18.asm
            __FPFLAGSbits   0x000001       data     extern C:\MCC18\src\traditional\math\cmath18.asm
                  chiffre   0x00008d       data     extern E:\MIN2\tp5\enregistreur.c
                curr_byte   0x00009d       data     static C:\MCC18\src\traditional\startup\c018i.c
               curr_entry   0x00009f       data     static C:\MCC18\src\traditional\startup\c018i.c
                 data_ptr   0x0000a1       data     static C:\MCC18\src\traditional\startup\c018i.c
                        i   0x0000a4       data     extern E:\MIN2\tp5\enregistreur.c
                        n   0x00008e       data     extern E:\MIN2\tp5\enregistreur.c
                    piste   0x000090       data     extern E:\MIN2\tp5\enregistreur.c
                     prom   0x00009a       data     static C:\MCC18\src\traditional\startup\c018i.c



                              Symbols - Sorted by Address
                     Name    Address   Location    Storage File                     
                ---------  ---------  ---------  --------- ---------                
                   _entry   0x000000    program     extern C:\MCC18\src\traditional\startup\c018i.c
       ___return_lbl00000   0x000004    program     static                          
                   __init   0x000006    program     extern C:\MCC18\src\traditional\stdclib\__init.c
            saut_sur_spit   0x000008    program     extern E:\MIN2\tp5\enregistreur.c
       ___return_lbl00000   0x00000c    program     static                          
                jouernote   0x00001c    program     extern E:\MIN2\tp5\enregistreur.c
                     init   0x00003e    program     extern E:\MIN2\tp5\enregistreur.c
                 digicode   0x00005e    program     extern E:\MIN2\tp5\enregistreur.c
               traiter_it   0x000148    program     extern E:\MIN2\tp5\enregistreur.c
                     main   0x00015a    program     extern E:\MIN2\tp5\enregistreur.c
                _do_cinit   0x0001fe    program     extern C:\MCC18\src\traditional\startup\c018i.c
                     test   0x000218    program     static                          
                copy_loop   0x000270    program     static                          
            copy_one_byte   0x000276    program     static                          
             done_copying   0x000284    program     static                          
                     done   0x00029a    program     static                          
       ___return_lbl00002   0x00029a    program     static                          
             Delay10KTCYx   0x00029c    program     extern C:\MCC18\src\traditional\delays\d10ktcyx.asm
                    D10Kx   0x0002a6    program     static C:\MCC18\src\traditional\delays\d10ktcyx.asm
                   D10K_1   0x0002a8    program     static C:\MCC18\src\traditional\delays\d10ktcyx.asm
       _D10KTCYXCODE_0010   0x0002ac    program     static C:\MCC18\src\traditional\delays\d10ktcyx.asm
                    D10Kl   0x0002b4    program     static C:\MCC18\src\traditional\delays\d10ktcyx.asm
       _D10KTCYXCODE_001C   0x0002b8    program     static C:\MCC18\src\traditional\delays\d10ktcyx.asm
                 _startup   0x0002ca    program     extern C:\MCC18\src\traditional\startup\c018i.c
                     loop   0x0002da    program     static                          
       ___return_lbl00001   0x0002e4    program     static                          
            __zero_memory   0x0002e6    program     extern C:\MCC18\src\traditional\proc\p18F452.asm
               clear_loop   0x0002ec    program     static C:\MCC18\src\traditional\proc\p18F452.asm
               __config_0   0x300001    program     static E:\MIN2\tp5\enregistreur.c
               __config_1   0x300003    program     static E:\MIN2\tp5\enregistreur.c
                     SIGN   0x000000       data     extern C:\MCC18\src\traditional\math\cmath18.asm
            __FPFLAGSbits   0x000001       data     extern C:\MCC18\src\traditional\math\cmath18.asm
                __FPFLAGS   0x000001       data     extern C:\MCC18\src\traditional\math\cmath18.asm
            DelayCounter2   0x000002       data     extern C:\MCC18\src\traditional\delays\delayd2.asm
            DelayCounter1   0x000003       data     extern C:\MCC18\src\traditional\delays\delayd1.asm
                       DO   0x000080       data     extern E:\MIN2\tp5\enregistreur.c
                      DOD   0x000081       data     extern E:\MIN2\tp5\enregistreur.c
                       RE   0x000082       data     extern E:\MIN2\tp5\enregistreur.c
                      RED   0x000083       data     extern E:\MIN2\tp5\enregistreur.c
                       MI   0x000084       data     extern E:\MIN2\tp5\enregistreur.c
                       FA   0x000085       data     extern E:\MIN2\tp5\enregistreur.c
                      FAD   0x000086       data     extern E:\MIN2\tp5\enregistreur.c
                      SOL   0x000087       data     extern E:\MIN2\tp5\enregistreur.c
                     SOLD   0x000088       data     extern E:\MIN2\tp5\enregistreur.c
                       LA   0x000089       data     extern E:\MIN2\tp5\enregistreur.c
                      SIB   0x00008a       data     extern E:\MIN2\tp5\enregistreur.c
                       SI   0x00008b       data     extern E:\MIN2\tp5\enregistreur.c
                      DOA   0x00008c       data     extern E:\MIN2\tp5\enregistreur.c
                  chiffre   0x00008d       data     extern E:\MIN2\tp5\enregistreur.c
                        n   0x00008e       data     extern E:\MIN2\tp5\enregistreur.c
                    piste   0x000090       data     extern E:\MIN2\tp5\enregistreur.c
                     prom   0x00009a       data     static C:\MCC18\src\traditional\startup\c018i.c
                curr_byte   0x00009d       data     static C:\MCC18\src\traditional\startup\c018i.c
               curr_entry   0x00009f       data     static C:\MCC18\src\traditional\startup\c018i.c
                 data_ptr   0x0000a1       data     static C:\MCC18\src\traditional\startup\c018i.c
                        i   0x0000a4       data     extern E:\MIN2\tp5\enregistreur.c
                PORTAbits   0x000f80       data     extern C:\MCC18\src\traditional\proc\p18F452.asm
                    PORTA   0x000f80       data     extern C:\MCC18\src\traditional\proc\p18F452.asm
                    PORTB   0x000f81       data     extern C:\MCC18\src\traditional\proc\p18F452.asm
                PORTBbits   0x000f81       data     extern C:\MCC18\src\traditional\proc\p18F452.asm
                PORTCbits   0x000f82       data     extern C:\MCC18\src\traditional\proc\p18F452.asm
                    PORTC   0x000f82       data     extern C:\MCC18\src\traditional\proc\p18F452.asm
                PORTDbits   0x000f83       data     extern C:\MCC18\src\traditional\proc\p18F452.asm
                    PORTD   0x000f83       data     extern C:\MCC18\src\traditional\proc\p18F452.asm
                PORTEbits   0x000f84       data     extern C:\MCC18\src\traditional\proc\p18F452.asm
                    PORTE   0x000f84       data     extern C:\MCC18\src\traditional\proc\p18F452.asm
                     LATA   0x000f89       data     extern C:\MCC18\src\traditional\proc\p18F452.asm
                 LATAbits   0x000f89       data     extern C:\MCC18\src\traditional\proc\p18F452.asm
                     LATB   0x000f8a       data     extern C:\MCC18\src\traditional\proc\p18F452.asm
                 LATBbits   0x000f8a       data     extern C:\MCC18\src\traditional\proc\p18F452.asm
                     LATC   0x000f8b       data     extern C:\MCC18\src\traditional\proc\p18F452.asm
                 LATCbits   0x000f8b       data     extern C:\MCC18\src\traditional\proc\p18F452.asm
                     LATD   0x000f8c       data     extern C:\MCC18\src\traditional\proc\p18F452.asm
                 LATDbits   0x000f8c       data     extern C:\MCC18\src\traditional\proc\p18F452.asm
                 LATEbits   0x000f8d       data     extern C:\MCC18\src\traditional\proc\p18F452.asm
                     LATE   0x000f8d       data     extern C:\MCC18\src\traditional\proc\p18F452.asm
                    TRISA   0x000f92       data     extern C:\MCC18\src\traditional\proc\p18F452.asm
                 DDRAbits   0x000f92       data     extern C:\MCC18\src\traditional\proc\p18F452.asm
                     DDRA   0x000f92       data     extern C:\MCC18\src\traditional\proc\p18F452.asm
                TRISAbits   0x000f92       data     extern C:\MCC18\src\traditional\proc\p18F452.asm
                 DDRBbits   0x000f93       data     extern C:\MCC18\src\traditional\proc\p18F452.asm
                     DDRB   0x000f93       data     extern C:\MCC18\src\traditional\proc\p18F452.asm
                    TRISB   0x000f93       data     extern C:\MCC18\src\traditional\proc\p18F452.asm
                TRISBbits   0x000f93       data     extern C:\MCC18\src\traditional\proc\p18F452.asm
                     DDRC   0x000f94       data     extern C:\MCC18\src\traditional\proc\p18F452.asm
                    TRISC   0x000f94       data     extern C:\MCC18\src\traditional\proc\p18F452.asm
                TRISCbits   0x000f94       data     extern C:\MCC18\src\traditional\proc\p18F452.asm
                 DDRCbits   0x000f94       data     extern C:\MCC18\src\traditional\proc\p18F452.asm
                    TRISD   0x000f95       data     extern C:\MCC18\src\traditional\proc\p18F452.asm
                     DDRD   0x000f95       data     extern C:\MCC18\src\traditional\proc\p18F452.asm
                TRISDbits   0x000f95       data     extern C:\MCC18\src\traditional\proc\p18F452.asm
                 DDRDbits   0x000f95       data     extern C:\MCC18\src\traditional\proc\p18F452.asm
                 DDREbits   0x000f96       data     extern C:\MCC18\src\traditional\proc\p18F452.asm
                     DDRE   0x000f96       data     extern C:\MCC18\src\traditional\proc\p18F452.asm
                    TRISE   0x000f96       data     extern C:\MCC18\src\traditional\proc\p18F452.asm
                TRISEbits   0x000f96       data     extern C:\MCC18\src\traditional\proc\p18F452.asm
                 PIE1bits   0x000f9d       data     extern C:\MCC18\src\traditional\proc\p18F452.asm
                     PIE1   0x000f9d       data     extern C:\MCC18\src\traditional\proc\p18F452.asm
                 PIR1bits   0x000f9e       data     extern C:\MCC18\src\traditional\proc\p18F452.asm
                     PIR1   0x000f9e       data     extern C:\MCC18\src\traditional\proc\p18F452.asm
                 IPR1bits   0x000f9f       data     extern C:\MCC18\src\traditional\proc\p18F452.asm
                     IPR1   0x000f9f       data     extern C:\MCC18\src\traditional\proc\p18F452.asm
                 PIE2bits   0x000fa0       data     extern C:\MCC18\src\traditional\proc\p18F452.asm
                     PIE2   0x000fa0       data     extern C:\MCC18\src\traditional\proc\p18F452.asm
                 PIR2bits   0x000fa1       data     extern C:\MCC18\src\traditional\proc\p18F452.asm
                     PIR2   0x000fa1       data     extern C:\MCC18\src\traditional\proc\p18F452.asm
                     IPR2   0x000fa2       data     extern C:\MCC18\src\traditional\proc\p18F452.asm
                 IPR2bits   0x000fa2       data     extern C:\MCC18\src\traditional\proc\p18F452.asm
               EECON1bits   0x000fa6       data     extern C:\MCC18\src\traditional\proc\p18F452.asm
                   EECON1   0x000fa6       data     extern C:\MCC18\src\traditional\proc\p18F452.asm
                   EECON2   0x000fa7       data     extern C:\MCC18\src\traditional\proc\p18F452.asm
                   EEDATA   0x000fa8       data     extern C:\MCC18\src\traditional\proc\p18F452.asm
                    EEADR   0x000fa9       data     extern C:\MCC18\src\traditional\proc\p18F452.asm
                RCSTAbits   0x000fab       data     extern C:\MCC18\src\traditional\proc\p18F452.asm
                    RCSTA   0x000fab       data     extern C:\MCC18\src\traditional\proc\p18F452.asm
                TXSTAbits   0x000fac       data     extern C:\MCC18\src\traditional\proc\p18F452.asm
                    TXSTA   0x000fac       data     extern C:\MCC18\src\traditional\proc\p18F452.asm
                    TXREG   0x000fad       data     extern C:\MCC18\src\traditional\proc\p18F452.asm
                    RCREG   0x000fae       data     extern C:\MCC18\src\traditional\proc\p18F452.asm
                    SPBRG   0x000faf       data     extern C:\MCC18\src\traditional\proc\p18F452.asm
                    T3CON   0x000fb1       data     extern C:\MCC18\src\traditional\proc\p18F452.asm
                T3CONbits   0x000fb1       data     extern C:\MCC18\src\traditional\proc\p18F452.asm
                    TMR3L   0x000fb2       data     extern C:\MCC18\src\traditional\proc\p18F452.asm
                    TMR3H   0x000fb3       data     extern C:\MCC18\src\traditional\proc\p18F452.asm
              CCP2CONbits   0x000fba       data     extern C:\MCC18\src\traditional\proc\p18F452.asm
                  CCP2CON   0x000fba       data     extern C:\MCC18\src\traditional\proc\p18F452.asm
                   CCPR2L   0x000fbb       data     extern C:\MCC18\src\traditional\proc\p18F452.asm
                    CCPR2   0x000fbb       data     extern C:\MCC18\src\traditional\proc\p18F452.asm
                   CCPR2H   0x000fbc       data     extern C:\MCC18\src\traditional\proc\p18F452.asm
              CCP1CONbits   0x000fbd       data     extern C:\MCC18\src\traditional\proc\p18F452.asm
                  CCP1CON   0x000fbd       data     extern C:\MCC18\src\traditional\proc\p18F452.asm
                   CCPR1L   0x000fbe       data     extern C:\MCC18\src\traditional\proc\p18F452.asm
                    CCPR1   0x000fbe       data     extern C:\MCC18\src\traditional\proc\p18F452.asm
                   CCPR1H   0x000fbf       data     extern C:\MCC18\src\traditional\proc\p18F452.asm
               ADCON1bits   0x000fc1       data     extern C:\MCC18\src\traditional\proc\p18F452.asm
                   ADCON1   0x000fc1       data     extern C:\MCC18\src\traditional\proc\p18F452.asm
               ADCON0bits   0x000fc2       data     extern C:\MCC18\src\traditional\proc\p18F452.asm
                   ADCON0   0x000fc2       data     extern C:\MCC18\src\traditional\proc\p18F452.asm
                    ADRES   0x000fc3       data     extern C:\MCC18\src\traditional\proc\p18F452.asm
                   ADRESL   0x000fc3       data     extern C:\MCC18\src\traditional\proc\p18F452.asm
                   ADRESH   0x000fc4       data     extern C:\MCC18\src\traditional\proc\p18F452.asm
                  SSPCON2   0x000fc5       data     extern C:\MCC18\src\traditional\proc\p18F452.asm
              SSPCON2bits   0x000fc5       data     extern C:\MCC18\src\traditional\proc\p18F452.asm
              SSPCON1bits   0x000fc6       data     extern C:\MCC18\src\traditional\proc\p18F452.asm
                  SSPCON1   0x000fc6       data     extern C:\MCC18\src\traditional\proc\p18F452.asm
                  SSPSTAT   0x000fc7       data     extern C:\MCC18\src\traditional\proc\p18F452.asm
              SSPSTATbits   0x000fc7       data     extern C:\MCC18\src\traditional\proc\p18F452.asm
                   SSPADD   0x000fc8       data     extern C:\MCC18\src\traditional\proc\p18F452.asm
                   SSPBUF   0x000fc9       data     extern C:\MCC18\src\traditional\proc\p18F452.asm
                T2CONbits   0x000fca       data     extern C:\MCC18\src\traditional\proc\p18F452.asm
                    T2CON   0x000fca       data     extern C:\MCC18\src\traditional\proc\p18F452.asm
                      PR2   0x000fcb       data     extern C:\MCC18\src\traditional\proc\p18F452.asm
                     TMR2   0x000fcc       data     extern C:\MCC18\src\traditional\proc\p18F452.asm
                    T1CON   0x000fcd       data     extern C:\MCC18\src\traditional\proc\p18F452.asm
                T1CONbits   0x000fcd       data     extern C:\MCC18\src\traditional\proc\p18F452.asm
                    TMR1L   0x000fce       data     extern C:\MCC18\src\traditional\proc\p18F452.asm
                    TMR1H   0x000fcf       data     extern C:\MCC18\src\traditional\proc\p18F452.asm
                 RCONbits   0x000fd0       data     extern C:\MCC18\src\traditional\proc\p18F452.asm
                     RCON   0x000fd0       data     extern C:\MCC18\src\traditional\proc\p18F452.asm
                   WDTCON   0x000fd1       data     extern C:\MCC18\src\traditional\proc\p18F452.asm
               WDTCONbits   0x000fd1       data     extern C:\MCC18\src\traditional\proc\p18F452.asm
               LVDCONbits   0x000fd2       data     extern C:\MCC18\src\traditional\proc\p18F452.asm
                   LVDCON   0x000fd2       data     extern C:\MCC18\src\traditional\proc\p18F452.asm
               OSCCONbits   0x000fd3       data     extern C:\MCC18\src\traditional\proc\p18F452.asm
                   OSCCON   0x000fd3       data     extern C:\MCC18\src\traditional\proc\p18F452.asm
                    T0CON   0x000fd5       data     extern C:\MCC18\src\traditional\proc\p18F452.asm
                T0CONbits   0x000fd5       data     extern C:\MCC18\src\traditional\proc\p18F452.asm
                    TMR0L   0x000fd6       data     extern C:\MCC18\src\traditional\proc\p18F452.asm
                    TMR0H   0x000fd7       data     extern C:\MCC18\src\traditional\proc\p18F452.asm
                   STATUS   0x000fd8       data     extern C:\MCC18\src\traditional\proc\p18F452.asm
               STATUSbits   0x000fd8       data     extern C:\MCC18\src\traditional\proc\p18F452.asm
                    FSR2L   0x000fd9       data     extern C:\MCC18\src\traditional\proc\p18F452.asm
                     FSR2   0x000fd9       data     extern C:\MCC18\src\traditional\proc\p18F452.asm
                    FSR2H   0x000fda       data     extern C:\MCC18\src\traditional\proc\p18F452.asm
                   PLUSW2   0x000fdb       data     extern C:\MCC18\src\traditional\proc\p18F452.asm
                  PREINC2   0x000fdc       data     extern C:\MCC18\src\traditional\proc\p18F452.asm
                 POSTDEC2   0x000fdd       data     extern C:\MCC18\src\traditional\proc\p18F452.asm
                 POSTINC2   0x000fde       data     extern C:\MCC18\src\traditional\proc\p18F452.asm
                    INDF2   0x000fdf       data     extern C:\MCC18\src\traditional\proc\p18F452.asm
                      BSR   0x000fe0       data     extern C:\MCC18\src\traditional\proc\p18F452.asm
                     FSR1   0x000fe1       data     extern C:\MCC18\src\traditional\proc\p18F452.asm
                    FSR1L   0x000fe1       data     extern C:\MCC18\src\traditional\proc\p18F452.asm
                    FSR1H   0x000fe2       data     extern C:\MCC18\src\traditional\proc\p18F452.asm
                   PLUSW1   0x000fe3       data     extern C:\MCC18\src\traditional\proc\p18F452.asm
                  PREINC1   0x000fe4       data     extern C:\MCC18\src\traditional\proc\p18F452.asm
                 POSTDEC1   0x000fe5       data     extern C:\MCC18\src\traditional\proc\p18F452.asm
                 POSTINC1   0x000fe6       data     extern C:\MCC18\src\traditional\proc\p18F452.asm
                    INDF1   0x000fe7       data     extern C:\MCC18\src\traditional\proc\p18F452.asm
                        W   0x000fe8       data     extern C:\MCC18\src\traditional\proc\p18F452.asm
                     WREG   0x000fe8       data     extern C:\MCC18\src\traditional\proc\p18F452.asm
                    FSR0L   0x000fe9       data     extern C:\MCC18\src\traditional\proc\p18F452.asm
                     FSR0   0x000fe9       data     extern C:\MCC18\src\traditional\proc\p18F452.asm
                    FSR0H   0x000fea       data     extern C:\MCC18\src\traditional\proc\p18F452.asm
                   PLUSW0   0x000feb       data     extern C:\MCC18\src\traditional\proc\p18F452.asm
                  PREINC0   0x000fec       data     extern C:\MCC18\src\traditional\proc\p18F452.asm
                 POSTDEC0   0x000fed       data     extern C:\MCC18\src\traditional\proc\p18F452.asm
                 POSTINC0   0x000fee       data     extern C:\MCC18\src\traditional\proc\p18F452.asm
                    INDF0   0x000fef       data     extern C:\MCC18\src\traditional\proc\p18F452.asm
              INTCON3bits   0x000ff0       data     extern C:\MCC18\src\traditional\proc\p18F452.asm
                  INTCON3   0x000ff0       data     extern C:\MCC18\src\traditional\proc\p18F452.asm
              INTCON2bits   0x000ff1       data     extern C:\MCC18\src\traditional\proc\p18F452.asm
                  INTCON2   0x000ff1       data     extern C:\MCC18\src\traditional\proc\p18F452.asm
               INTCONbits   0x000ff2       data     extern C:\MCC18\src\traditional\proc\p18F452.asm
                   INTCON   0x000ff2       data     extern C:\MCC18\src\traditional\proc\p18F452.asm
                     PROD   0x000ff3       data     extern C:\MCC18\src\traditional\proc\p18F452.asm
                    PRODL   0x000ff3       data     extern C:\MCC18\src\traditional\proc\p18F452.asm
                    PRODH   0x000ff4       data     extern C:\MCC18\src\traditional\proc\p18F452.asm
                   TABLAT   0x000ff5       data     extern C:\MCC18\src\traditional\proc\p18F452.asm
                   TBLPTR   0x000ff6       data     extern C:\MCC18\src\traditional\proc\p18F452.asm
                  TBLPTRL   0x000ff6       data     extern C:\MCC18\src\traditional\proc\p18F452.asm
                  TBLPTRH   0x000ff7       data     extern C:\MCC18\src\traditional\proc\p18F452.asm
                  TBLPTRU   0x000ff8       data     extern C:\MCC18\src\traditional\proc\p18F452.asm
                       PC   0x000ff9       data     extern C:\MCC18\src\traditional\proc\p18F452.asm
                      PCL   0x000ff9       data     extern C:\MCC18\src\traditional\proc\p18F452.asm
                   PCLATH   0x000ffa       data     extern C:\MCC18\src\traditional\proc\p18F452.asm
                   PCLATU   0x000ffb       data     extern C:\MCC18\src\traditional\proc\p18F452.asm
               STKPTRbits   0x000ffc       data     extern C:\MCC18\src\traditional\proc\p18F452.asm
                   STKPTR   0x000ffc       data     extern C:\MCC18\src\traditional\proc\p18F452.asm
                      TOS   0x000ffd       data     extern C:\MCC18\src\traditional\proc\p18F452.asm
                     TOSL   0x000ffd       data     extern C:\MCC18\src\traditional\proc\p18F452.asm
                     TOSH   0x000ffe       data     extern C:\MCC18\src\traditional\proc\p18F452.asm
                     TOSU   0x000fff       data     extern C:\MCC18\src\traditional\proc\p18F452.asm


