Microchip MPLAB XC8 Compiler V2.41

Linker command line:

-W-3 \
  --edf=C:\Program Files\Microchip\xc8\v2.41\pic\dat\20230208172133_en.msgs \
  -cn -h+dist/default/debug\TP1.X.debug.sym \
  --cmf=dist/default/debug\TP1.X.debug.cmf -z -Q18F452 \
  -oC:\Users\aquettie\AppData\Local\Temp\xcAs57k.\driver_tmp_3.o \
  --defsym=__MPLAB_BUILD=1 --fixupoverflow=error \
  -Mdist/default/debug/TP1.X.debug.map \
  --md=C:\Users\aquettie\AppData\Local\Temp\xcAs57k.\driver_tmp_0.dat -E1 \
  -ver=XC8 Compiler --acfsm=1493 -ACODE=00h-03FFFh,04000h-07D3Fh \
  -ACONST=00h-07D3Fh -ASMALLCONST=0600h-06FFhx119,07D00h-07D3Fh \
  -AMEDIUMCONST=0600h-07D3Fh -ACOMRAM=01h-07Fh -AABS1=00h-05EEh \
  -ABIGRAM=01h-05EEh -ARAM=080h-0FFh,0100h-01FFhx4,0500h-05EEh \
  -ABANK0=080h-0FFh -ABANK1=0100h-01FFh -ABANK2=0200h-02FFh \
  -ABANK3=0300h-03FFh -ABANK4=0400h-04FFh -ABANK5=0500h-05EEh \
  -ASFR=0F80h-0F9Bh,0F9Dh-0FD3h,0FD5h-0FDAh,0FE0h-0FE2h,0FE8h-0FEAh,0FF0h-0FFBh \
  -ABIGSFR=0F80h-0F9Bh,0F9Dh-0FD3h,0FD5h-0FDAh,0FE0h-0FE2h,0FE8h-0FEAh,0FF0h-0FFBh \
  -ACONFIG=0300000h-030000Dh -AIDLOC=0200000h-0200007h \
  -AEEDATA=0F00000h-0F000FFh -peeprom_data=EEDATA \
  -preset_vec=00h,intcode=08h,intcodelo,powerup,init -pramtop=0600h \
  -psmallconst=SMALLCONST -pmediumconst=MEDIUMCONST -pconst=CONST \
  -AFARRAM=00h-00h \
  -prdata=COMRAM,nvrram=COMRAM,nvbit=COMRAM,rbss=COMRAM,rbit=COMRAM \
  -pfarbss=FARRAM,fardata=FARRAM,nvFARRAM=FARRAM \
  -pintsave_regs=BIGRAM,bigbss=BIGRAM,bigdata=BIGRAM -pbss=RAM \
  -pidata=CODE,irdata=CODE,ibigdata=CODE,ifardata=CODE -prparam=COMRAM \
  C:\Users\aquettie\AppData\Local\Temp\xcAs57k.\driver_tmp_9.o \
  dist/default/debug\TP1.X.debug.o 

Object code version is 3.11

Machine type is 18F452



                Name                               Link     Load   Length Selector   Space Scale
C:\Users\aquettie\AppData\Local\Temp\xcAs57k.\driver_tmp_9.o
                idloc                            200000   200000        8        0       5
                config                           300000   300000        E        0       4
                text                                39C      39C        2        4       0
                init                                1C8      1C8        4        4       0
                reset_vec                             0        0        6        0       0
dist/default/debug\TP1.X.debug.o
                intcode                               8        8      1C0        4       0
                idloc                            200000   200000        8        0       5
                config                           300000   300000        E        0       4
                temp                                 25       25        1        1       1
                text8                               1CC      1CC       80        4       0
                text6                               35E      35E       1A        4       0
                text5                               390      390        C        4       0
                text4                               384      384        C        4       0
                text3                               324      324       1E        4       0
                text2                               342      342       1C        4       0
                text1                               2F0      2F0       34        4       0
                text0                               24C      24C       6E        4       0
                cstackCOMRAM                         1D       1D        8        1       1
                dataCOMRAM                           11       11        C        1       1
                bssCOMRAM                             1        1       10        1       1
                cinit                               2BA      2BA       36        4       0
                idataCOMRAM                         378      378        C        4       0

TOTAL           Name                               Link     Load   Length     Space
        CLASS   CODE           
                intcode                               8        8      1C0         0
                text                                39C      39C        2         0
                init                                1C8      1C8        4         0
                reset_vec                             0        0        6         0
                text8                               1CC      1CC       80         0
                text6                               35E      35E       1A         0
                text5                               390      390        C         0
                text4                               384      384        C         0
                text3                               324      324       1E         0
                text2                               342      342       1C         0
                text1                               2F0      2F0       34         0
                text0                               24C      24C       6E         0
                cinit                               2BA      2BA       36         0
                idataCOMRAM                         378      378        C         0

        CLASS   CONST          

        CLASS   SMALLCONST     

        CLASS   MEDIUMCONST    

        CLASS   COMRAM         
                temp                                 25       25        1         1
                cstackCOMRAM                         1D       1D        8         1
                dataCOMRAM                           11       11        C         1
                bssCOMRAM                             1        1       10         1

        CLASS   ABS1           

        CLASS   BIGRAM         

        CLASS   RAM            

        CLASS   BANK0          

        CLASS   BANK1          

        CLASS   BANK2          

        CLASS   BANK3          

        CLASS   BANK4          

        CLASS   BANK5          

        CLASS   SFR            

        CLASS   BIGSFR         

        CLASS   CONFIG         
                config                           300000   300000        E         4

        CLASS   IDLOC          
                idloc                            200000   200000        8         5

        CLASS   EEDATA         

        CLASS   FARRAM         

        CLASS   HEAP           

        CLASS   STACK          



SEGMENTS        Name                           Load    Length   Top    Selector   Space  Class

                reset_vec                      000000  000006  000006         0       0  CODE    
                bssCOMRAM                      000001  000025  000026         1       1  COMRAM  
                intcode                        000008  000396  00039E         4       0  CODE    


UNUSED ADDRESS RANGES

        Name                Unused          Largest block    Delta
        BANK0            000080-0000FF               80
        BANK1            000100-0001FF              100
        BANK2            000200-0002FF              100
        BANK3            000300-0003FF              100
        BANK4            000400-0004FF              100
        BANK5            000500-0005EE               EF
        BIGRAM           000026-0005EE              5C9
        BIGSFR           000F80-000F9B               1C
                         000F9D-000FD3               37
                         000FD5-000FDA                6
                         000FE0-000FE2                3
                         000FE8-000FEA                3
                         000FF0-000FFB                C
        CODE             000006-000007                2
                         00039E-007D3F             3C62
        COMRAM           000026-00007F               5A
        CONST            000006-000007                2
                         00039E-007D3F             79A2
        EEDATA           F00000-F000FF              100
        MEDIUMCONST      000600-007D3F             7740
        RAM              000080-0005EE              100
        SFR              000F80-000F9B               1C
                         000F9D-000FD3               37
                         000FD5-000FDA                6
                         000FE0-000FE2                3
                         000FE8-000FEA                3
                         000FF0-000FFB                C
        SMALLCONST       000600-007D3F              100

                                  Symbol Table

?___lwmod                                                                   cstackCOMRAM 00001D
_INTCON3bits                                                                (abs)        000FF0
_INTCONbits                                                                 (abs)        000FF2
_PORTBbits                                                                  (abs)        000F81
_PORTC                                                                      (abs)        000F82
_PORTD                                                                      (abs)        000F83
_PORTDbits                                                                  (abs)        000F83
_T0CONbits                                                                  (abs)        000FD5
_TMR0H                                                                      (abs)        000FD7
_TMR0L                                                                      (abs)        000FD6
_TRISB                                                                      (abs)        000F93
_TRISC                                                                      (abs)        000F94
_TRISD                                                                      (abs)        000F95
__HRAM                                                                      (abs)        000000
__H__absolute__                                                             __absolute__ 000000
__Habs1                                                                     abs1         000000
__Hbank0                                                                    bank0        000000
__Hbank1                                                                    bank1        000000
__Hbank2                                                                    bank2        000000
__Hbank3                                                                    bank3        000000
__Hbank4                                                                    bank4        000000
__Hbank5                                                                    bank5        000000
__Hbigbss                                                                   bigbss       000000
__Hbigdata                                                                  bigdata      000000
__Hbigram                                                                   bigram       000000
__Hbigsfr                                                                   bigsfr       000000
__Hbss                                                                      bss          000000
__HbssCOMRAM                                                                bssCOMRAM    000000
__Hcinit                                                                    cinit        000000
__Hclrtext                                                                  clrtext      000000
__Hcomram                                                                   comram       000000
__Hconfig                                                                   config       30000E
__Hconst                                                                    const        000000
__HcstackCOMRAM                                                             cstackCOMRAM 000000
__Hdata                                                                     data         000000
__HdataCOMRAM                                                               dataCOMRAM   000000
__Heeprom_data                                                              eeprom_data  000000
__Hfarbss                                                                   farbss       000000
__Hfardata                                                                  fardata      000000
__Hheap                                                                     heap         000000
__Hibigdata                                                                 ibigdata     000000
__Hidata                                                                    idata        000000
__HidataCOMRAM                                                              idataCOMRAM  000000
__Hidloc                                                                    idloc        200008
__Hifardata                                                                 ifardata     000000
__Hinit                                                                     init         0001CC
__Hintcode                                                                  intcode      0001C8
__Hintcode_body                                                             intcode_body 000000
__Hintcodelo                                                                intcodelo    0001C8
__Hintentry                                                                 intentry     000000
__Hintret                                                                   intret       000000
__Hintsave_regs                                                             intsave_regs 000000
__Hirdata                                                                   irdata       000000
__Hmediumconst                                                              mediumconst  000000
__HnvFARRAM                                                                 nvFARRAM     000000
__Hnvbit                                                                    nvbit        000000
__Hnvrram                                                                   nvrram       000000
__Hparam                                                                    rparam       000000
__Hpowerup                                                                  powerup      0001C8
__Hram                                                                      ram          000000
__Hramtop                                                                   ramtop       000600
__Hrbit                                                                     rbit         000000
__Hrbss                                                                     rbss         000000
__Hrdata                                                                    rdata        000000
__Hreset_vec                                                                reset_vec    000006
__Hrparam                                                                   rparam       000000
__Hsfr                                                                      sfr          000000
__Hsmallconst                                                               smallconst   000000
__Hspace_0                                                                  (abs)        000600
__Hspace_1                                                                  (abs)        000026
__Hspace_2                                                                  (abs)        000000
__Hspace_4                                                                  (abs)        60000E
__Hstack                                                                    stack        000000
__Hstruct                                                                   struct       000000
__Htemp                                                                     temp         000026
__Htext                                                                     text         000000
__Htext0                                                                    text0        000000
__Htext1                                                                    text1        000000
__Htext2                                                                    text2        000000
__Htext3                                                                    text3        000000
__Htext4                                                                    text4        000000
__Htext5                                                                    text5        000000
__Htext6                                                                    text6        000000
__Htext8                                                                    text8        000000
__LRAM                                                                      (abs)        000001
__L__absolute__                                                             __absolute__ 000000
__Labs1                                                                     abs1         000000
__Lbank0                                                                    bank0        000000
__Lbank1                                                                    bank1        000000
__Lbank2                                                                    bank2        000000
__Lbank3                                                                    bank3        000000
__Lbank4                                                                    bank4        000000
__Lbank5                                                                    bank5        000000
__Lbigbss                                                                   bigbss       000000
__Lbigdata                                                                  bigdata      000000
__Lbigram                                                                   bigram       000000
__Lbigsfr                                                                   bigsfr       000000
__Lbss                                                                      bss          000000
__LbssCOMRAM                                                                bssCOMRAM    000000
__Lcinit                                                                    cinit        000000
__Lclrtext                                                                  clrtext      000000
__Lcomram                                                                   comram       000000
__Lconfig                                                                   config       000000
__Lconst                                                                    const        000000
__LcstackCOMRAM                                                             cstackCOMRAM 000000
__Ldata                                                                     data         000000
__LdataCOMRAM                                                               dataCOMRAM   000000
__Leeprom_data                                                              eeprom_data  000000
__Lfarbss                                                                   farbss       000000
__Lfardata                                                                  fardata      000000
__Lheap                                                                     heap         000000
__Libigdata                                                                 ibigdata     000000
__Lidata                                                                    idata        000000
__LidataCOMRAM                                                              idataCOMRAM  000000
__Lidloc                                                                    idloc        000000
__Lifardata                                                                 ifardata     000000
__Linit                                                                     init         0001C8
__Lintcode                                                                  intcode      000008
__Lintcode_body                                                             intcode_body 000000
__Lintcodelo                                                                intcodelo    0001C8
__Lintentry                                                                 intentry     000000
__Lintret                                                                   intret       000000
__Lintsave_regs                                                             intsave_regs 000000
__Lirdata                                                                   irdata       000000
__Lmediumconst                                                              mediumconst  000000
__LnvFARRAM                                                                 nvFARRAM     000000
__Lnvbit                                                                    nvbit        000000
__Lnvrram                                                                   nvrram       000000
__Lparam                                                                    rparam       000000
__Lpowerup                                                                  powerup      0001C8
__Lram                                                                      ram          000000
__Lramtop                                                                   ramtop       000600
__Lrbit                                                                     rbit         000000
__Lrbss                                                                     rbss         000000
__Lrdata                                                                    rdata        000000
__Lreset_vec                                                                reset_vec    000000
__Lrparam                                                                   rparam       000000
__Lsfr                                                                      sfr          000000
__Lsmallconst                                                               smallconst   000000
__Lspace_0                                                                  (abs)        000000
__Lspace_1                                                                  (abs)        000000
__Lspace_2                                                                  (abs)        000000
__Lspace_4                                                                  (abs)        000000
__Lstack                                                                    stack        000000
__Lstruct                                                                   struct       000000
__Ltemp                                                                     temp         000025
__Ltext                                                                     text         000000
__Ltext0                                                                    text0        000000
__Ltext1                                                                    text1        000000
__Ltext2                                                                    text2        000000
__Ltext3                                                                    text3        000000
__Ltext4                                                                    text4        000000
__Ltext5                                                                    text5        000000
__Ltext6                                                                    text6        000000
__Ltext8                                                                    text8        000000
__S0                                                                        (abs)        00039E
__S1                                                                        (abs)        000026
__S4                                                                        (abs)        000000
__S5                                                                        (abs)        000000
___heap_hi                                                                  (abs)        000000
___heap_lo                                                                  (abs)        000000
___inthi_sp                                                                 stack        000000
___intlo_sp                                                                 stack        000000
___lwmod                                                                    text8        0001CC
___lwmod@counter                                                            cstackCOMRAM 000021
___lwmod@dividend                                                           cstackCOMRAM 00001D
___lwmod@divisor                                                            cstackCOMRAM 00001F
___param_bank                                                               (abs)        000000
___rparam_used                                                              (abs)        000001
___sp                                                                       stack        000000
__accesstop                                                                 (abs)        000080
__activetblptr                                                              (abs)        000000
__cntErrataNOP_C:\Users\aquettie\AppData\Local\Temp\xcAs57k.\driver_tmp_9.o (abs)        000001
__cntErrataNOP_dist/default/debug\TP1.X.debug.o                             (abs)        00003C
__end_of___lwmod                                                            text8        00024A
__end_of__initialization                                                    cinit        0002E6
__end_of_init                                                               text6        000378
__end_of_initINT0                                                           text5        00039C
__end_of_initINT1                                                           text4        000390
__end_of_initTIMER0                                                         text3        000342
__end_of_main                                                               text0        0002BA
__end_of_myHighint                                                          intcode      0001C8
__end_of_setNumber                                                          text2        00035E
__end_of_wait                                                               text1        000324
__initialization                                                            cinit        0002BA
__mediumconst                                                               mediumconst  000000
__pbssCOMRAM                                                                bssCOMRAM    000001
__pcinit                                                                    cinit        0002BA
__pcstackCOMRAM                                                             cstackCOMRAM 00001D
__pdataCOMRAM                                                               dataCOMRAM   000011
__pidataCOMRAM                                                              idataCOMRAM  000378
__pintcode                                                                  intcode      000008
__ptext0                                                                    text0        00024C
__ptext1                                                                    text1        0002F0
__ptext2                                                                    text2        000342
__ptext3                                                                    text3        000324
__ptext4                                                                    text4        000384
__ptext5                                                                    text5        000390
__ptext6                                                                    text6        00035E
__ptext8                                                                    text8        0001CC
__ramtop                                                                    ramtop       000600
__smallconst                                                                smallconst   000000
_attente                                                                    dataCOMRAM   00001B
_centi                                                                      bssCOMRAM    000007
_dizaine                                                                    bssCOMRAM    000003
_etat                                                                       bssCOMRAM    000010
_flag                                                                       bssCOMRAM    00000F
_i                                                                          bssCOMRAM    00000D
_init                                                                       text6        00035E
_initINT0                                                                   text5        000390
_initINT1                                                                   text4        000384
_initTIMER0                                                                 text3        000324
_main                                                                       text0        00024C
_mili                                                                       bssCOMRAM    000009
_myHighint                                                                  intcode      000008
_number                                                                     dataCOMRAM   000011
_setNumber                                                                  text2        000342
_stop                                                                       bssCOMRAM    000001
_temps                                                                      bssCOMRAM    00000B
_unite                                                                      bssCOMRAM    000005
_wait                                                                       text1        0002F0
btemp                                                                       temp         000025
end_of_initialization                                                       cinit        0002E6
int$flags                                                                   temp         000025
intlevel0                                                                   text         00039C
intlevel1                                                                   text         00039C
intlevel2                                                                   text         00039C
intlevel3                                                                   text         00039C
isa$std                                                                     (abs)        000001
isa$xinst                                                                   (abs)        000000
setNumber@afficheur                                                         cstackCOMRAM 000024
setNumber@x                                                                 cstackCOMRAM 000022
stackhi                                                                     (abs)        000000
stacklo                                                                     (abs)        000000
start                                                                       init         0001C8
start_initialization                                                        cinit        0002BA
ttemp5                                                                      temp         000026
ttemp6                                                                      temp         000029
ttemp7                                                                      temp         00002D
wtemp8                                                                      temp         000026


MODULE INFORMATION

Module		Function		Class		Link	Load	Size
test5.c
		_init          		CODE           	035E	0000	26
		_setNumber     		CODE           	0342	0000	28
		_initINT0      		CODE           	0390	0000	12
		_initINT1      		CODE           	0384	0000	12
		_main          		CODE           	024C	0000	110
		_initTIMER0    		CODE           	0324	0000	30
		_myHighint     		CODE           	0008	0000	448
		_wait          		CODE           	02F0	0000	52

test5.c estimated size: 718

shared
		__initialization		CODE           	02BA	0000	44

shared estimated size: 44

C:\Program Files\Microchip\xc8\v2.41\pic\sources\c99\common\lwmod.c
		___lwmod       		CODE           	01CC	0000	126

C:\Program Files\Microchip\xc8\v2.41\pic\sources\c99\common\lwmod.c estimated size: 126

